I'm sorry, but errors were detected in your script. Please correct the
errors listed below, and try again.


File "game/script.rpy", line 84: expected statement.
    xalign 0.0
            ^

Ren'Py Version: Ren'Py 7.1.1.929
Sat Oct 20 15:28:37 2018
